Archive member included to satisfy reference by file (symbol)

../../../libopencm3//lib/libopencm3_stm32f1.a(gpio.o)
                              ex1_gpio_blink.o (gpio_set_mode)
../../../libopencm3//lib/libopencm3_stm32f1.a(gpio_common_all.o)
                              ex1_gpio_blink.o (gpio_toggle)
../../../libopencm3//lib/libopencm3_stm32f1.a(rcc.o)
                              ex1_gpio_blink.o (rcc_clock_setup_pll)
../../../libopencm3//lib/libopencm3_stm32f1.a(rcc_common_all.o)
                              ex1_gpio_blink.o (rcc_periph_clock_enable)
../../../libopencm3//lib/libopencm3_stm32f1.a(vector.o)
                              (reset_handler)
../../../libopencm3//lib/libopencm3_stm32f1.a(assert.o)
                              ../../../libopencm3//lib/libopencm3_stm32f1.a(rcc.o) (cm3_assert_failed)
../../../libopencm3//lib/libopencm3_stm32f1.a(flash_common_all.o)
                              ../../../libopencm3//lib/libopencm3_stm32f1.a(rcc.o) (flash_set_ws)

Discarded input sections

 .group         0x00000000        0xc ex1_gpio_blink.o
 .group         0x00000000        0xc ex1_gpio_blink.o
 .group         0x00000000        0xc ex1_gpio_blink.o
 .group         0x00000000        0xc ex1_gpio_blink.o
 .group         0x00000000        0xc ex1_gpio_blink.o
 .group         0x00000000        0xc ex1_gpio_blink.o
 .group         0x00000000        0xc ex1_gpio_blink.o
 .group         0x00000000        0xc ex1_gpio_blink.o
 .group         0x00000000        0xc ex1_gpio_blink.o
 .group         0x00000000        0xc ex1_gpio_blink.o
 .group         0x00000000        0xc ex1_gpio_blink.o
 .group         0x00000000        0xc ex1_gpio_blink.o
 .group         0x00000000        0xc ex1_gpio_blink.o
 .group         0x00000000        0xc ex1_gpio_blink.o
 .group         0x00000000        0xc ex1_gpio_blink.o
 .text          0x00000000        0x0 ex1_gpio_blink.o
 .data          0x00000000        0x0 ex1_gpio_blink.o
 .bss           0x00000000        0x0 ex1_gpio_blink.o
 .group         0x00000000        0xc ../../../libopencm3//lib/libopencm3_stm32f1.a(gpio.o)
 .group         0x00000000        0xc ../../../libopencm3//lib/libopencm3_stm32f1.a(gpio.o)
 .group         0x00000000        0xc ../../../libopencm3//lib/libopencm3_stm32f1.a(gpio.o)
 .group         0x00000000        0xc ../../../libopencm3//lib/libopencm3_stm32f1.a(gpio.o)
 .group         0x00000000        0xc ../../../libopencm3//lib/libopencm3_stm32f1.a(gpio.o)
 .group         0x00000000        0xc ../../../libopencm3//lib/libopencm3_stm32f1.a(gpio.o)
 .group         0x00000000        0xc ../../../libopencm3//lib/libopencm3_stm32f1.a(gpio.o)
 .group         0x00000000        0xc ../../../libopencm3//lib/libopencm3_stm32f1.a(gpio.o)
 .group         0x00000000        0xc ../../../libopencm3//lib/libopencm3_stm32f1.a(gpio.o)
 .group         0x00000000        0xc ../../../libopencm3//lib/libopencm3_stm32f1.a(gpio.o)
 .group         0x00000000        0xc ../../../libopencm3//lib/libopencm3_stm32f1.a(gpio.o)
 .group         0x00000000        0xc ../../../libopencm3//lib/libopencm3_stm32f1.a(gpio.o)
 .group         0x00000000        0xc ../../../libopencm3//lib/libopencm3_stm32f1.a(gpio.o)
 .group         0x00000000        0xc ../../../libopencm3//lib/libopencm3_stm32f1.a(gpio.o)
 .text          0x00000000        0x0 ../../../libopencm3//lib/libopencm3_stm32f1.a(gpio.o)
 .data          0x00000000        0x0 ../../../libopencm3//lib/libopencm3_stm32f1.a(gpio.o)
 .bss           0x00000000        0x0 ../../../libopencm3//lib/libopencm3_stm32f1.a(gpio.o)
 .text.gpio_set_eventout
                0x00000000       0x10 ../../../libopencm3//lib/libopencm3_stm32f1.a(gpio.o)
 .text.gpio_primary_remap
                0x00000000       0x14 ../../../libopencm3//lib/libopencm3_stm32f1.a(gpio.o)
 .text.gpio_secondary_remap
                0x00000000       0x10 ../../../libopencm3//lib/libopencm3_stm32f1.a(gpio.o)
 .debug_macro   0x00000000      0xac0 ../../../libopencm3//lib/libopencm3_stm32f1.a(gpio.o)
 .debug_macro   0x00000000       0x1c ../../../libopencm3//lib/libopencm3_stm32f1.a(gpio.o)
 .debug_macro   0x00000000       0x22 ../../../libopencm3//lib/libopencm3_stm32f1.a(gpio.o)
 .debug_macro   0x00000000       0x56 ../../../libopencm3//lib/libopencm3_stm32f1.a(gpio.o)
 .debug_macro   0x00000000       0x51 ../../../libopencm3//lib/libopencm3_stm32f1.a(gpio.o)
 .debug_macro   0x00000000      0x103 ../../../libopencm3//lib/libopencm3_stm32f1.a(gpio.o)
 .debug_macro   0x00000000       0x6a ../../../libopencm3//lib/libopencm3_stm32f1.a(gpio.o)
 .debug_macro   0x00000000      0x1df ../../../libopencm3//lib/libopencm3_stm32f1.a(gpio.o)
 .debug_macro   0x00000000       0x22 ../../../libopencm3//lib/libopencm3_stm32f1.a(gpio.o)
 .debug_macro   0x00000000       0xe8 ../../../libopencm3//lib/libopencm3_stm32f1.a(gpio.o)
 .debug_macro   0x00000000       0x76 ../../../libopencm3//lib/libopencm3_stm32f1.a(gpio.o)
 .debug_macro   0x00000000      0x1b4 ../../../libopencm3//lib/libopencm3_stm32f1.a(gpio.o)
 .debug_macro   0x00000000       0x76 ../../../libopencm3//lib/libopencm3_stm32f1.a(gpio.o)
 .debug_macro   0x00000000      0xe2e ../../../libopencm3//lib/libopencm3_stm32f1.a(gpio.o)
 .group         0x00000000        0xc ../../../libopencm3//lib/libopencm3_stm32f1.a(gpio_common_all.o)
 .group         0x00000000        0xc ../../../libopencm3//lib/libopencm3_stm32f1.a(gpio_common_all.o)
 .group         0x00000000        0xc ../../../libopencm3//lib/libopencm3_stm32f1.a(gpio_common_all.o)
 .group         0x00000000        0xc ../../../libopencm3//lib/libopencm3_stm32f1.a(gpio_common_all.o)
 .group         0x00000000        0xc ../../../libopencm3//lib/libopencm3_stm32f1.a(gpio_common_all.o)
 .group         0x00000000        0xc ../../../libopencm3//lib/libopencm3_stm32f1.a(gpio_common_all.o)
 .group         0x00000000        0xc ../../../libopencm3//lib/libopencm3_stm32f1.a(gpio_common_all.o)
 .group         0x00000000        0xc ../../../libopencm3//lib/libopencm3_stm32f1.a(gpio_common_all.o)
 .group         0x00000000        0xc ../../../libopencm3//lib/libopencm3_stm32f1.a(gpio_common_all.o)
 .group         0x00000000        0xc ../../../libopencm3//lib/libopencm3_stm32f1.a(gpio_common_all.o)
 .group         0x00000000        0xc ../../../libopencm3//lib/libopencm3_stm32f1.a(gpio_common_all.o)
 .group         0x00000000        0xc ../../../libopencm3//lib/libopencm3_stm32f1.a(gpio_common_all.o)
 .group         0x00000000        0xc ../../../libopencm3//lib/libopencm3_stm32f1.a(gpio_common_all.o)
 .group         0x00000000        0xc ../../../libopencm3//lib/libopencm3_stm32f1.a(gpio_common_all.o)
 .text          0x00000000        0x0 ../../../libopencm3//lib/libopencm3_stm32f1.a(gpio_common_all.o)
 .data          0x00000000        0x0 ../../../libopencm3//lib/libopencm3_stm32f1.a(gpio_common_all.o)
 .bss           0x00000000        0x0 ../../../libopencm3//lib/libopencm3_stm32f1.a(gpio_common_all.o)
 .text.gpio_set
                0x00000000        0x4 ../../../libopencm3//lib/libopencm3_stm32f1.a(gpio_common_all.o)
 .text.gpio_clear
                0x00000000        0x6 ../../../libopencm3//lib/libopencm3_stm32f1.a(gpio_common_all.o)
 .text.gpio_get
                0x00000000        0x6 ../../../libopencm3//lib/libopencm3_stm32f1.a(gpio_common_all.o)
 .text.gpio_port_read
                0x00000000        0x6 ../../../libopencm3//lib/libopencm3_stm32f1.a(gpio_common_all.o)
 .text.gpio_port_write
                0x00000000        0x4 ../../../libopencm3//lib/libopencm3_stm32f1.a(gpio_common_all.o)
 .text.gpio_port_config_lock
                0x00000000       0x10 ../../../libopencm3//lib/libopencm3_stm32f1.a(gpio_common_all.o)
 .debug_macro   0x00000000      0xac0 ../../../libopencm3//lib/libopencm3_stm32f1.a(gpio_common_all.o)
 .debug_macro   0x00000000       0x1c ../../../libopencm3//lib/libopencm3_stm32f1.a(gpio_common_all.o)
 .debug_macro   0x00000000       0x22 ../../../libopencm3//lib/libopencm3_stm32f1.a(gpio_common_all.o)
 .debug_macro   0x00000000       0x56 ../../../libopencm3//lib/libopencm3_stm32f1.a(gpio_common_all.o)
 .debug_macro   0x00000000       0x51 ../../../libopencm3//lib/libopencm3_stm32f1.a(gpio_common_all.o)
 .debug_macro   0x00000000      0x103 ../../../libopencm3//lib/libopencm3_stm32f1.a(gpio_common_all.o)
 .debug_macro   0x00000000       0x6a ../../../libopencm3//lib/libopencm3_stm32f1.a(gpio_common_all.o)
 .debug_macro   0x00000000      0x1df ../../../libopencm3//lib/libopencm3_stm32f1.a(gpio_common_all.o)
 .debug_macro   0x00000000       0x22 ../../../libopencm3//lib/libopencm3_stm32f1.a(gpio_common_all.o)
 .debug_macro   0x00000000       0xe8 ../../../libopencm3//lib/libopencm3_stm32f1.a(gpio_common_all.o)
 .debug_macro   0x00000000       0x76 ../../../libopencm3//lib/libopencm3_stm32f1.a(gpio_common_all.o)
 .debug_macro   0x00000000      0x1b4 ../../../libopencm3//lib/libopencm3_stm32f1.a(gpio_common_all.o)
 .debug_macro   0x00000000       0x76 ../../../libopencm3//lib/libopencm3_stm32f1.a(gpio_common_all.o)
 .debug_macro   0x00000000      0xe2e ../../../libopencm3//lib/libopencm3_stm32f1.a(gpio_common_all.o)
 .group         0x00000000        0xc ../../../libopencm3//lib/libopencm3_stm32f1.a(rcc.o)
 .group         0x00000000        0xc ../../../libopencm3//lib/libopencm3_stm32f1.a(rcc.o)
 .group         0x00000000        0xc ../../../libopencm3//lib/libopencm3_stm32f1.a(rcc.o)
 .group         0x00000000        0xc ../../../libopencm3//lib/libopencm3_stm32f1.a(rcc.o)
 .group         0x00000000        0xc ../../../libopencm3//lib/libopencm3_stm32f1.a(rcc.o)
 .group         0x00000000        0xc ../../../libopencm3//lib/libopencm3_stm32f1.a(rcc.o)
 .group         0x00000000        0xc ../../../libopencm3//lib/libopencm3_stm32f1.a(rcc.o)
 .group         0x00000000        0xc ../../../libopencm3//lib/libopencm3_stm32f1.a(rcc.o)
 .group         0x00000000        0xc ../../../libopencm3//lib/libopencm3_stm32f1.a(rcc.o)
 .group         0x00000000        0xc ../../../libopencm3//lib/libopencm3_stm32f1.a(rcc.o)
 .group         0x00000000        0xc ../../../libopencm3//lib/libopencm3_stm32f1.a(rcc.o)
 .group         0x00000000        0xc ../../../libopencm3//lib/libopencm3_stm32f1.a(rcc.o)
 .group         0x00000000        0xc ../../../libopencm3//lib/libopencm3_stm32f1.a(rcc.o)
 .group         0x00000000        0xc ../../../libopencm3//lib/libopencm3_stm32f1.a(rcc.o)
 .group         0x00000000        0xc ../../../libopencm3//lib/libopencm3_stm32f1.a(rcc.o)
 .group         0x00000000        0xc ../../../libopencm3//lib/libopencm3_stm32f1.a(rcc.o)
 .text          0x00000000        0x0 ../../../libopencm3//lib/libopencm3_stm32f1.a(rcc.o)
 .data          0x00000000        0x0 ../../../libopencm3//lib/libopencm3_stm32f1.a(rcc.o)
 .bss           0x00000000        0x0 ../../../libopencm3//lib/libopencm3_stm32f1.a(rcc.o)
 .text.rcc_osc_ready_int_clear
                0x00000000       0x5c ../../../libopencm3//lib/libopencm3_stm32f1.a(rcc.o)
 .text.rcc_osc_ready_int_enable
                0x00000000       0x5c ../../../libopencm3//lib/libopencm3_stm32f1.a(rcc.o)
 .text.rcc_osc_ready_int_disable
                0x00000000       0x5c ../../../libopencm3//lib/libopencm3_stm32f1.a(rcc.o)
 .text.rcc_osc_ready_int_flag
                0x00000000       0x54 ../../../libopencm3//lib/libopencm3_stm32f1.a(rcc.o)
 .text.rcc_css_int_clear
                0x00000000       0x10 ../../../libopencm3//lib/libopencm3_stm32f1.a(rcc.o)
 .text.rcc_css_int_flag
                0x00000000       0x10 ../../../libopencm3//lib/libopencm3_stm32f1.a(rcc.o)
 .text.rcc_osc_off
                0x00000000       0x60 ../../../libopencm3//lib/libopencm3_stm32f1.a(rcc.o)
 .text.rcc_css_enable
                0x00000000       0x10 ../../../libopencm3//lib/libopencm3_stm32f1.a(rcc.o)
 .text.rcc_css_disable
                0x00000000       0x10 ../../../libopencm3//lib/libopencm3_stm32f1.a(rcc.o)
 .text.rcc_rtc_clock_enabled_flag
                0x00000000       0x10 ../../../libopencm3//lib/libopencm3_stm32f1.a(rcc.o)
 .text.rcc_enable_rtc_clock
                0x00000000       0x10 ../../../libopencm3//lib/libopencm3_stm32f1.a(rcc.o)
 .text.rcc_set_rtc_clock_source
                0x00000000       0x84 ../../../libopencm3//lib/libopencm3_stm32f1.a(rcc.o)
 .text.rcc_system_clock_source
                0x00000000       0x10 ../../../libopencm3//lib/libopencm3_stm32f1.a(rcc.o)
 .text.rcc_clock_setup_in_hsi_out_64mhz
                0x00000000       0x70 ../../../libopencm3//lib/libopencm3_stm32f1.a(rcc.o)
 .text.rcc_clock_setup_in_hsi_out_48mhz
                0x00000000       0x7c ../../../libopencm3//lib/libopencm3_stm32f1.a(rcc.o)
 .text.rcc_clock_setup_in_hsi_out_24mhz
                0x00000000       0x60 ../../../libopencm3//lib/libopencm3_stm32f1.a(rcc.o)
 .text.rcc_clock_setup_in_hse_8mhz_out_24mhz
                0x00000000       0x78 ../../../libopencm3//lib/libopencm3_stm32f1.a(rcc.o)
 .text.rcc_clock_setup_in_hse_8mhz_out_72mhz
                0x00000000       0x88 ../../../libopencm3//lib/libopencm3_stm32f1.a(rcc.o)
 .text.rcc_clock_setup_in_hse_12mhz_out_72mhz
                0x00000000       0x88 ../../../libopencm3//lib/libopencm3_stm32f1.a(rcc.o)
 .text.rcc_clock_setup_in_hse_16mhz_out_72mhz
                0x00000000       0x88 ../../../libopencm3//lib/libopencm3_stm32f1.a(rcc.o)
 .text.rcc_clock_setup_in_hse_25mhz_out_72mhz
                0x00000000       0xa8 ../../../libopencm3//lib/libopencm3_stm32f1.a(rcc.o)
 .text.rcc_backupdomain_reset
                0x00000000       0x18 ../../../libopencm3//lib/libopencm3_stm32f1.a(rcc.o)
 .text.rcc_get_usart_clk_freq
                0x00000000       0x1c ../../../libopencm3//lib/libopencm3_stm32f1.a(rcc.o)
 .text.rcc_get_timer_clk_freq
                0x00000000       0x34 ../../../libopencm3//lib/libopencm3_stm32f1.a(rcc.o)
 .text.rcc_get_i2c_clk_freq
                0x00000000        0xc ../../../libopencm3//lib/libopencm3_stm32f1.a(rcc.o)
 .rodata.rcc_hsi_configs
                0x00000000       0x54 ../../../libopencm3//lib/libopencm3_stm32f1.a(rcc.o)
 .debug_macro   0x00000000      0xac0 ../../../libopencm3//lib/libopencm3_stm32f1.a(rcc.o)
 .debug_macro   0x00000000       0x1c ../../../libopencm3//lib/libopencm3_stm32f1.a(rcc.o)
 .debug_macro   0x00000000       0x22 ../../../libopencm3//lib/libopencm3_stm32f1.a(rcc.o)
 .debug_macro   0x00000000       0x56 ../../../libopencm3//lib/libopencm3_stm32f1.a(rcc.o)
 .debug_macro   0x00000000       0x51 ../../../libopencm3//lib/libopencm3_stm32f1.a(rcc.o)
 .debug_macro   0x00000000      0x103 ../../../libopencm3//lib/libopencm3_stm32f1.a(rcc.o)
 .debug_macro   0x00000000       0x6a ../../../libopencm3//lib/libopencm3_stm32f1.a(rcc.o)
 .debug_macro   0x00000000      0x1df ../../../libopencm3//lib/libopencm3_stm32f1.a(rcc.o)
 .debug_macro   0x00000000       0x22 ../../../libopencm3//lib/libopencm3_stm32f1.a(rcc.o)
 .debug_macro   0x00000000       0xe8 ../../../libopencm3//lib/libopencm3_stm32f1.a(rcc.o)
 .debug_macro   0x00000000       0x76 ../../../libopencm3//lib/libopencm3_stm32f1.a(rcc.o)
 .debug_macro   0x00000000      0x1b4 ../../../libopencm3//lib/libopencm3_stm32f1.a(rcc.o)
 .debug_macro   0x00000000      0x8c6 ../../../libopencm3//lib/libopencm3_stm32f1.a(rcc.o)
 .group         0x00000000        0xc ../../../libopencm3//lib/libopencm3_stm32f1.a(rcc_common_all.o)
 .group         0x00000000        0xc ../../../libopencm3//lib/libopencm3_stm32f1.a(rcc_common_all.o)
 .group         0x00000000        0xc ../../../libopencm3//lib/libopencm3_stm32f1.a(rcc_common_all.o)
 .group         0x00000000        0xc ../../../libopencm3//lib/libopencm3_stm32f1.a(rcc_common_all.o)
 .group         0x00000000        0xc ../../../libopencm3//lib/libopencm3_stm32f1.a(rcc_common_all.o)
 .group         0x00000000        0xc ../../../libopencm3//lib/libopencm3_stm32f1.a(rcc_common_all.o)
 .group         0x00000000        0xc ../../../libopencm3//lib/libopencm3_stm32f1.a(rcc_common_all.o)
 .group         0x00000000        0xc ../../../libopencm3//lib/libopencm3_stm32f1.a(rcc_common_all.o)
 .group         0x00000000        0xc ../../../libopencm3//lib/libopencm3_stm32f1.a(rcc_common_all.o)
 .group         0x00000000        0xc ../../../libopencm3//lib/libopencm3_stm32f1.a(rcc_common_all.o)
 .group         0x00000000        0xc ../../../libopencm3//lib/libopencm3_stm32f1.a(rcc_common_all.o)
 .group         0x00000000        0xc ../../../libopencm3//lib/libopencm3_stm32f1.a(rcc_common_all.o)
 .group         0x00000000        0xc ../../../libopencm3//lib/libopencm3_stm32f1.a(rcc_common_all.o)
 .text          0x00000000        0x0 ../../../libopencm3//lib/libopencm3_stm32f1.a(rcc_common_all.o)
 .data          0x00000000        0x0 ../../../libopencm3//lib/libopencm3_stm32f1.a(rcc_common_all.o)
 .bss           0x00000000        0x0 ../../../libopencm3//lib/libopencm3_stm32f1.a(rcc_common_all.o)
 .text.rcc_peripheral_enable_clock
                0x00000000        0x8 ../../../libopencm3//lib/libopencm3_stm32f1.a(rcc_common_all.o)
 .text.rcc_peripheral_disable_clock
                0x00000000        0xa ../../../libopencm3//lib/libopencm3_stm32f1.a(rcc_common_all.o)
 .text.rcc_peripheral_reset
                0x00000000        0x8 ../../../libopencm3//lib/libopencm3_stm32f1.a(rcc_common_all.o)
 .text.rcc_peripheral_clear_reset
                0x00000000        0xa ../../../libopencm3//lib/libopencm3_stm32f1.a(rcc_common_all.o)
 .text.rcc_periph_clock_disable
                0x00000000       0x1c ../../../libopencm3//lib/libopencm3_stm32f1.a(rcc_common_all.o)
 .text.rcc_periph_reset_pulse
                0x00000000       0x22 ../../../libopencm3//lib/libopencm3_stm32f1.a(rcc_common_all.o)
 .text.rcc_periph_reset_hold
                0x00000000        0x4 ../../../libopencm3//lib/libopencm3_stm32f1.a(rcc_common_all.o)
 .text.rcc_periph_reset_release
                0x00000000        0x4 ../../../libopencm3//lib/libopencm3_stm32f1.a(rcc_common_all.o)
 .text.rcc_set_mco
                0x00000000       0x14 ../../../libopencm3//lib/libopencm3_stm32f1.a(rcc_common_all.o)
 .text.rcc_osc_bypass_enable
                0x00000000       0x28 ../../../libopencm3//lib/libopencm3_stm32f1.a(rcc_common_all.o)
 .text.rcc_osc_bypass_disable
                0x00000000       0x28 ../../../libopencm3//lib/libopencm3_stm32f1.a(rcc_common_all.o)
 .text.rcc_get_div_from_hpre
                0x00000000       0x18 ../../../libopencm3//lib/libopencm3_stm32f1.a(rcc_common_all.o)
 .debug_macro   0x00000000      0xac0 ../../../libopencm3//lib/libopencm3_stm32f1.a(rcc_common_all.o)
 .debug_macro   0x00000000       0x1c ../../../libopencm3//lib/libopencm3_stm32f1.a(rcc_common_all.o)
 .debug_macro   0x00000000       0x22 ../../../libopencm3//lib/libopencm3_stm32f1.a(rcc_common_all.o)
 .debug_macro   0x00000000       0x56 ../../../libopencm3//lib/libopencm3_stm32f1.a(rcc_common_all.o)
 .debug_macro   0x00000000       0x51 ../../../libopencm3//lib/libopencm3_stm32f1.a(rcc_common_all.o)
 .debug_macro   0x00000000      0x103 ../../../libopencm3//lib/libopencm3_stm32f1.a(rcc_common_all.o)
 .debug_macro   0x00000000       0x6a ../../../libopencm3//lib/libopencm3_stm32f1.a(rcc_common_all.o)
 .debug_macro   0x00000000      0x1df ../../../libopencm3//lib/libopencm3_stm32f1.a(rcc_common_all.o)
 .debug_macro   0x00000000       0x22 ../../../libopencm3//lib/libopencm3_stm32f1.a(rcc_common_all.o)
 .debug_macro   0x00000000       0xe8 ../../../libopencm3//lib/libopencm3_stm32f1.a(rcc_common_all.o)
 .debug_macro   0x00000000       0x76 ../../../libopencm3//lib/libopencm3_stm32f1.a(rcc_common_all.o)
 .debug_macro   0x00000000      0x1b4 ../../../libopencm3//lib/libopencm3_stm32f1.a(rcc_common_all.o)
 .debug_macro   0x00000000      0x8c6 ../../../libopencm3//lib/libopencm3_stm32f1.a(rcc_common_all.o)
 .group         0x00000000        0xc ../../../libopencm3//lib/libopencm3_stm32f1.a(vector.o)
 .group         0x00000000        0xc ../../../libopencm3//lib/libopencm3_stm32f1.a(vector.o)
 .group         0x00000000        0xc ../../../libopencm3//lib/libopencm3_stm32f1.a(vector.o)
 .group         0x00000000        0xc ../../../libopencm3//lib/libopencm3_stm32f1.a(vector.o)
 .group         0x00000000        0xc ../../../libopencm3//lib/libopencm3_stm32f1.a(vector.o)
 .group         0x00000000        0xc ../../../libopencm3//lib/libopencm3_stm32f1.a(vector.o)
 .group         0x00000000        0xc ../../../libopencm3//lib/libopencm3_stm32f1.a(vector.o)
 .group         0x00000000        0xc ../../../libopencm3//lib/libopencm3_stm32f1.a(vector.o)
 .group         0x00000000        0xc ../../../libopencm3//lib/libopencm3_stm32f1.a(vector.o)
 .group         0x00000000        0xc ../../../libopencm3//lib/libopencm3_stm32f1.a(vector.o)
 .group         0x00000000        0xc ../../../libopencm3//lib/libopencm3_stm32f1.a(vector.o)
 .group         0x00000000        0xc ../../../libopencm3//lib/libopencm3_stm32f1.a(vector.o)
 .group         0x00000000        0xc ../../../libopencm3//lib/libopencm3_stm32f1.a(vector.o)
 .group         0x00000000        0xc ../../../libopencm3//lib/libopencm3_stm32f1.a(vector.o)
 .text          0x00000000        0x0 ../../../libopencm3//lib/libopencm3_stm32f1.a(vector.o)
 .data          0x00000000        0x0 ../../../libopencm3//lib/libopencm3_stm32f1.a(vector.o)
 .bss           0x00000000        0x0 ../../../libopencm3//lib/libopencm3_stm32f1.a(vector.o)
 .debug_macro   0x00000000      0xac0 ../../../libopencm3//lib/libopencm3_stm32f1.a(vector.o)
 .debug_macro   0x00000000       0x76 ../../../libopencm3//lib/libopencm3_stm32f1.a(vector.o)
 .debug_macro   0x00000000       0x1c ../../../libopencm3//lib/libopencm3_stm32f1.a(vector.o)
 .debug_macro   0x00000000       0x22 ../../../libopencm3//lib/libopencm3_stm32f1.a(vector.o)
 .debug_macro   0x00000000       0x56 ../../../libopencm3//lib/libopencm3_stm32f1.a(vector.o)
 .debug_macro   0x00000000       0x51 ../../../libopencm3//lib/libopencm3_stm32f1.a(vector.o)
 .debug_macro   0x00000000      0x103 ../../../libopencm3//lib/libopencm3_stm32f1.a(vector.o)
 .debug_macro   0x00000000       0x6a ../../../libopencm3//lib/libopencm3_stm32f1.a(vector.o)
 .debug_macro   0x00000000      0x1df ../../../libopencm3//lib/libopencm3_stm32f1.a(vector.o)
 .debug_macro   0x00000000       0x22 ../../../libopencm3//lib/libopencm3_stm32f1.a(vector.o)
 .debug_macro   0x00000000       0xe8 ../../../libopencm3//lib/libopencm3_stm32f1.a(vector.o)
 .group         0x00000000        0xc ../../../libopencm3//lib/libopencm3_stm32f1.a(assert.o)
 .group         0x00000000        0xc ../../../libopencm3//lib/libopencm3_stm32f1.a(assert.o)
 .group         0x00000000        0xc ../../../libopencm3//lib/libopencm3_stm32f1.a(assert.o)
 .group         0x00000000        0xc ../../../libopencm3//lib/libopencm3_stm32f1.a(assert.o)
 .group         0x00000000        0xc ../../../libopencm3//lib/libopencm3_stm32f1.a(assert.o)
 .group         0x00000000        0xc ../../../libopencm3//lib/libopencm3_stm32f1.a(assert.o)
 .group         0x00000000        0xc ../../../libopencm3//lib/libopencm3_stm32f1.a(assert.o)
 .group         0x00000000        0xc ../../../libopencm3//lib/libopencm3_stm32f1.a(assert.o)
 .group         0x00000000        0xc ../../../libopencm3//lib/libopencm3_stm32f1.a(assert.o)
 .group         0x00000000        0xc ../../../libopencm3//lib/libopencm3_stm32f1.a(assert.o)
 .group         0x00000000        0xc ../../../libopencm3//lib/libopencm3_stm32f1.a(assert.o)
 .text          0x00000000        0x0 ../../../libopencm3//lib/libopencm3_stm32f1.a(assert.o)
 .data          0x00000000        0x0 ../../../libopencm3//lib/libopencm3_stm32f1.a(assert.o)
 .bss           0x00000000        0x0 ../../../libopencm3//lib/libopencm3_stm32f1.a(assert.o)
 .text.cm3_assert_failed
                0x00000000        0x2 ../../../libopencm3//lib/libopencm3_stm32f1.a(assert.o)
 .text.cm3_assert_failed_verbose
                0x00000000        0x6 ../../../libopencm3//lib/libopencm3_stm32f1.a(assert.o)
 .debug_info    0x00000000      0x101 ../../../libopencm3//lib/libopencm3_stm32f1.a(assert.o)
 .debug_abbrev  0x00000000       0x94 ../../../libopencm3//lib/libopencm3_stm32f1.a(assert.o)
 .debug_loclists
                0x00000000       0x80 ../../../libopencm3//lib/libopencm3_stm32f1.a(assert.o)
 .debug_aranges
                0x00000000       0x28 ../../../libopencm3//lib/libopencm3_stm32f1.a(assert.o)
 .debug_rnglists
                0x00000000       0x19 ../../../libopencm3//lib/libopencm3_stm32f1.a(assert.o)
 .debug_macro   0x00000000       0x89 ../../../libopencm3//lib/libopencm3_stm32f1.a(assert.o)
 .debug_macro   0x00000000      0xac0 ../../../libopencm3//lib/libopencm3_stm32f1.a(assert.o)
 .debug_macro   0x00000000       0x1c ../../../libopencm3//lib/libopencm3_stm32f1.a(assert.o)
 .debug_macro   0x00000000       0x22 ../../../libopencm3//lib/libopencm3_stm32f1.a(assert.o)
 .debug_macro   0x00000000       0x56 ../../../libopencm3//lib/libopencm3_stm32f1.a(assert.o)
 .debug_macro   0x00000000       0x51 ../../../libopencm3//lib/libopencm3_stm32f1.a(assert.o)
 .debug_macro   0x00000000      0x103 ../../../libopencm3//lib/libopencm3_stm32f1.a(assert.o)
 .debug_macro   0x00000000       0x6a ../../../libopencm3//lib/libopencm3_stm32f1.a(assert.o)
 .debug_macro   0x00000000      0x1df ../../../libopencm3//lib/libopencm3_stm32f1.a(assert.o)
 .debug_macro   0x00000000       0x22 ../../../libopencm3//lib/libopencm3_stm32f1.a(assert.o)
 .debug_macro   0x00000000       0xe8 ../../../libopencm3//lib/libopencm3_stm32f1.a(assert.o)
 .debug_macro   0x00000000       0x16 ../../../libopencm3//lib/libopencm3_stm32f1.a(assert.o)
 .debug_line    0x00000000      0x1dd ../../../libopencm3//lib/libopencm3_stm32f1.a(assert.o)
 .debug_str     0x00000000     0x4152 ../../../libopencm3//lib/libopencm3_stm32f1.a(assert.o)
 .comment       0x00000000       0x46 ../../../libopencm3//lib/libopencm3_stm32f1.a(assert.o)
 .debug_frame   0x00000000       0x38 ../../../libopencm3//lib/libopencm3_stm32f1.a(assert.o)
 .ARM.attributes
                0x00000000       0x2d ../../../libopencm3//lib/libopencm3_stm32f1.a(assert.o)
 .group         0x00000000        0xc ../../../libopencm3//lib/libopencm3_stm32f1.a(flash_common_all.o)
 .group         0x00000000        0xc ../../../libopencm3//lib/libopencm3_stm32f1.a(flash_common_all.o)
 .group         0x00000000        0xc ../../../libopencm3//lib/libopencm3_stm32f1.a(flash_common_all.o)
 .group         0x00000000        0xc ../../../libopencm3//lib/libopencm3_stm32f1.a(flash_common_all.o)
 .group         0x00000000        0xc ../../../libopencm3//lib/libopencm3_stm32f1.a(flash_common_all.o)
 .group         0x00000000        0xc ../../../libopencm3//lib/libopencm3_stm32f1.a(flash_common_all.o)
 .group         0x00000000        0xc ../../../libopencm3//lib/libopencm3_stm32f1.a(flash_common_all.o)
 .group         0x00000000        0xc ../../../libopencm3//lib/libopencm3_stm32f1.a(flash_common_all.o)
 .group         0x00000000        0xc ../../../libopencm3//lib/libopencm3_stm32f1.a(flash_common_all.o)
 .group         0x00000000        0xc ../../../libopencm3//lib/libopencm3_stm32f1.a(flash_common_all.o)
 .group         0x00000000        0xc ../../../libopencm3//lib/libopencm3_stm32f1.a(flash_common_all.o)
 .group         0x00000000        0xc ../../../libopencm3//lib/libopencm3_stm32f1.a(flash_common_all.o)
 .group         0x00000000        0xc ../../../libopencm3//lib/libopencm3_stm32f1.a(flash_common_all.o)
 .group         0x00000000        0xc ../../../libopencm3//lib/libopencm3_stm32f1.a(flash_common_all.o)
 .text          0x00000000        0x0 ../../../libopencm3//lib/libopencm3_stm32f1.a(flash_common_all.o)
 .data          0x00000000        0x0 ../../../libopencm3//lib/libopencm3_stm32f1.a(flash_common_all.o)
 .bss           0x00000000        0x0 ../../../libopencm3//lib/libopencm3_stm32f1.a(flash_common_all.o)
 .text.flash_prefetch_enable
                0x00000000       0x10 ../../../libopencm3//lib/libopencm3_stm32f1.a(flash_common_all.o)
 .text.flash_prefetch_disable
                0x00000000       0x10 ../../../libopencm3//lib/libopencm3_stm32f1.a(flash_common_all.o)
 .text.flash_unlock_option_bytes
                0x00000000       0x18 ../../../libopencm3//lib/libopencm3_stm32f1.a(flash_common_all.o)
 .debug_macro   0x00000000      0xac0 ../../../libopencm3//lib/libopencm3_stm32f1.a(flash_common_all.o)
 .debug_macro   0x00000000       0x1c ../../../libopencm3//lib/libopencm3_stm32f1.a(flash_common_all.o)
 .debug_macro   0x00000000       0x22 ../../../libopencm3//lib/libopencm3_stm32f1.a(flash_common_all.o)
 .debug_macro   0x00000000       0x56 ../../../libopencm3//lib/libopencm3_stm32f1.a(flash_common_all.o)
 .debug_macro   0x00000000       0x51 ../../../libopencm3//lib/libopencm3_stm32f1.a(flash_common_all.o)
 .debug_macro   0x00000000      0x103 ../../../libopencm3//lib/libopencm3_stm32f1.a(flash_common_all.o)
 .debug_macro   0x00000000       0x6a ../../../libopencm3//lib/libopencm3_stm32f1.a(flash_common_all.o)
 .debug_macro   0x00000000      0x1df ../../../libopencm3//lib/libopencm3_stm32f1.a(flash_common_all.o)
 .debug_macro   0x00000000       0x22 ../../../libopencm3//lib/libopencm3_stm32f1.a(flash_common_all.o)
 .debug_macro   0x00000000       0xe8 ../../../libopencm3//lib/libopencm3_stm32f1.a(flash_common_all.o)
 .debug_macro   0x00000000       0x76 ../../../libopencm3//lib/libopencm3_stm32f1.a(flash_common_all.o)
 .debug_macro   0x00000000      0x1b4 ../../../libopencm3//lib/libopencm3_stm32f1.a(flash_common_all.o)
 .debug_macro   0x00000000       0xee ../../../libopencm3//lib/libopencm3_stm32f1.a(flash_common_all.o)
 .debug_macro   0x00000000       0x82 ../../../libopencm3//lib/libopencm3_stm32f1.a(flash_common_all.o)

Memory Configuration

Name             Origin             Length             Attributes
rom              0x08000000         0x00010000         xr
ram              0x20000000         0x00005000         xrw
*default*        0x00000000         0xffffffff

Linker script and memory map

LOAD ex1_gpio_blink.o
LOAD ../../../libopencm3//lib/libopencm3_stm32f1.a
START GROUP
LOAD /home/val/opt/gcc-arm/bin/../lib/gcc/arm-none-eabi/13.3.1/../../../../arm-none-eabi/lib/thumb/v7-m/nofp/libc.a
LOAD /home/val/opt/gcc-arm/bin/../lib/gcc/arm-none-eabi/13.3.1/thumb/v7-m/nofp/libgcc.a
LOAD /home/val/opt/gcc-arm/bin/../lib/gcc/arm-none-eabi/13.3.1/../../../../arm-none-eabi/lib/thumb/v7-m/nofp/libnosys.a
END GROUP
START GROUP
LOAD /home/val/opt/gcc-arm/bin/../lib/gcc/arm-none-eabi/13.3.1/thumb/v7-m/nofp/libgcc.a
LOAD /home/val/opt/gcc-arm/bin/../lib/gcc/arm-none-eabi/13.3.1/../../../../arm-none-eabi/lib/thumb/v7-m/nofp/libg.a
LOAD /home/val/opt/gcc-arm/bin/../lib/gcc/arm-none-eabi/13.3.1/../../../../arm-none-eabi/lib/thumb/v7-m/nofp/libc.a
END GROUP

.text           0x08000000      0x5f8
 *(.vectors)
 .vectors       0x08000000      0x150 ../../../libopencm3//lib/libopencm3_stm32f1.a(vector.o)
                0x08000000                vector_table
 *(.text*)
 .text.startup.main
                0x08000150       0x40 ex1_gpio_blink.o
                0x08000150                main
 .text.gpio_set_mode
                0x08000190       0x5e ../../../libopencm3//lib/libopencm3_stm32f1.a(gpio.o)
                0x08000190                gpio_set_mode
 .text.gpio_toggle
                0x080001ee       0x12 ../../../libopencm3//lib/libopencm3_stm32f1.a(gpio_common_all.o)
                0x080001ee                gpio_toggle
 .text.rcc_is_osc_ready
                0x08000200       0x58 ../../../libopencm3//lib/libopencm3_stm32f1.a(rcc.o)
                0x08000200                rcc_is_osc_ready
 .text.rcc_wait_for_osc_ready
                0x08000258       0x10 ../../../libopencm3//lib/libopencm3_stm32f1.a(rcc.o)
                0x08000258                rcc_wait_for_osc_ready
 .text.rcc_osc_on
                0x08000268       0x60 ../../../libopencm3//lib/libopencm3_stm32f1.a(rcc.o)
                0x08000268                rcc_osc_on
 .text.rcc_set_sysclk_source
                0x080002c8       0x14 ../../../libopencm3//lib/libopencm3_stm32f1.a(rcc.o)
                0x080002c8                rcc_set_sysclk_source
 .text.rcc_set_pll_multiplication_factor
                0x080002dc       0x14 ../../../libopencm3//lib/libopencm3_stm32f1.a(rcc.o)
                0x080002dc                rcc_set_pll_multiplication_factor
 .text.rcc_set_pll2_multiplication_factor
                0x080002f0       0x14 ../../../libopencm3//lib/libopencm3_stm32f1.a(rcc.o)
                0x080002f0                rcc_set_pll2_multiplication_factor
 .text.rcc_set_pll3_multiplication_factor
                0x08000304       0x14 ../../../libopencm3//lib/libopencm3_stm32f1.a(rcc.o)
                0x08000304                rcc_set_pll3_multiplication_factor
 .text.rcc_set_pll_source
                0x08000318       0x14 ../../../libopencm3//lib/libopencm3_stm32f1.a(rcc.o)
                0x08000318                rcc_set_pll_source
 .text.rcc_set_pllxtpre
                0x0800032c       0x14 ../../../libopencm3//lib/libopencm3_stm32f1.a(rcc.o)
                0x0800032c                rcc_set_pllxtpre
 .text.rcc_set_adcpre
                0x08000340       0x14 ../../../libopencm3//lib/libopencm3_stm32f1.a(rcc.o)
                0x08000340                rcc_set_adcpre
 .text.rcc_set_ppre2
                0x08000354       0x14 ../../../libopencm3//lib/libopencm3_stm32f1.a(rcc.o)
                0x08000354                rcc_set_ppre2
 .text.rcc_set_ppre1
                0x08000368       0x14 ../../../libopencm3//lib/libopencm3_stm32f1.a(rcc.o)
                0x08000368                rcc_set_ppre1
 .text.rcc_set_hpre
                0x0800037c       0x14 ../../../libopencm3//lib/libopencm3_stm32f1.a(rcc.o)
                0x0800037c                rcc_set_hpre
 .text.rcc_set_usbpre
                0x08000390       0x18 ../../../libopencm3//lib/libopencm3_stm32f1.a(rcc.o)
                0x08000390                rcc_set_usbpre
 .text.rcc_set_prediv1
                0x080003a8       0x14 ../../../libopencm3//lib/libopencm3_stm32f1.a(rcc.o)
                0x080003a8                rcc_set_prediv1
 .text.rcc_set_prediv2
                0x080003bc       0x14 ../../../libopencm3//lib/libopencm3_stm32f1.a(rcc.o)
                0x080003bc                rcc_set_prediv2
 .text.rcc_set_prediv1_source
                0x080003d0       0x18 ../../../libopencm3//lib/libopencm3_stm32f1.a(rcc.o)
                0x080003d0                rcc_set_prediv1_source
 .text.rcc_clock_setup_pll
                0x080003e8       0xbc ../../../libopencm3//lib/libopencm3_stm32f1.a(rcc.o)
                0x080003e8                rcc_clock_setup_pll
 .text.rcc_periph_clock_enable
                0x080004a4       0x1a ../../../libopencm3//lib/libopencm3_stm32f1.a(rcc_common_all.o)
                0x080004a4                rcc_periph_clock_enable
 .text.blocking_handler
                0x080004be        0x2 ../../../libopencm3//lib/libopencm3_stm32f1.a(vector.o)
                0x080004be                usart3_isr
                0x080004be                rtc_isr
                0x080004be                tim7_isr
                0x080004be                adc1_2_isr
                0x080004be                tim1_trg_com_isr
                0x080004be                usb_hp_can_tx_isr
                0x080004be                tim6_isr
                0x080004be                usb_wakeup_isr
                0x080004be                blocking_handler
                0x080004be                tim5_isr
                0x080004be                otg_fs_isr
                0x080004be                spi1_isr
                0x080004be                exti2_isr
                0x080004be                dma1_channel6_isr
                0x080004be                can_rx1_isr
                0x080004be                dma1_channel5_isr
                0x080004be                dma2_channel5_isr
                0x080004be                usart1_isr
                0x080004be                usage_fault_handler
                0x080004be                tim8_trg_com_isr
                0x080004be                can2_rx0_isr
                0x080004be                tim1_brk_isr
                0x080004be                can2_rx1_isr
                0x080004be                tim1_cc_isr
                0x080004be                sdio_isr
                0x080004be                eth_isr
                0x080004be                dma1_channel4_isr
                0x080004be                tim8_brk_isr
                0x080004be                dma2_channel4_5_isr
                0x080004be                pvd_isr
                0x080004be                rcc_isr
                0x080004be                flash_isr
                0x080004be                uart4_isr
                0x080004be                rtc_alarm_isr
                0x080004be                exti15_10_isr
                0x080004be                hard_fault_handler
                0x080004be                exti1_isr
                0x080004be                i2c1_ev_isr
                0x080004be                dma2_channel1_isr
                0x080004be                spi2_isr
                0x080004be                tim8_up_isr
                0x080004be                dma2_channel2_isr
                0x080004be                exti3_isr
                0x080004be                adc3_isr
                0x080004be                tim3_isr
                0x080004be                usart2_isr
                0x080004be                usb_lp_can_rx0_isr
                0x080004be                i2c2_er_isr
                0x080004be                i2c2_ev_isr
                0x080004be                uart5_isr
                0x080004be                fsmc_isr
                0x080004be                dma1_channel1_isr
                0x080004be                exti4_isr
                0x080004be                mem_manage_handler
                0x080004be                can2_tx_isr
                0x080004be                exti9_5_isr
                0x080004be                dma2_channel3_isr
                0x080004be                dma1_channel7_isr
                0x080004be                tim1_up_isr
                0x080004be                can2_sce_isr
                0x080004be                tim4_isr
                0x080004be                dma1_channel2_isr
                0x080004be                i2c1_er_isr
                0x080004be                can_sce_isr
                0x080004be                tim8_cc_isr
                0x080004be                tamper_isr
                0x080004be                eth_wkup_isr
                0x080004be                bus_fault_handler
                0x080004be                wwdg_isr
                0x080004be                dma1_channel3_isr
                0x080004be                spi3_isr
                0x080004be                tim2_isr
                0x080004be                exti0_isr
 .text.null_handler
                0x080004c0        0x2 ../../../libopencm3//lib/libopencm3_stm32f1.a(vector.o)
                0x080004c0                null_handler
                0x080004c0                sv_call_handler
                0x080004c0                pend_sv_handler
                0x080004c0                debug_monitor_handler
                0x080004c0                sys_tick_handler
                0x080004c0                nmi_handler
 *fill*         0x080004c2        0x2 
 .text.reset_handler
                0x080004c4       0x94 ../../../libopencm3//lib/libopencm3_stm32f1.a(vector.o)
                0x080004c4                reset_handler
 .text.flash_set_ws
                0x08000558       0x14 ../../../libopencm3//lib/libopencm3_stm32f1.a(flash_common_all.o)
                0x08000558                flash_set_ws
                0x0800056c                        . = ALIGN (0x4)
 *(.rodata*)
 .rodata.rcc_hse_configs
                0x0800056c       0x8c ../../../libopencm3//lib/libopencm3_stm32f1.a(rcc.o)
                0x0800056c                rcc_hse_configs
                0x080005f8                        . = ALIGN (0x4)

.glue_7         0x080005f8        0x0
 .glue_7        0x080005f8        0x0 linker stubs

.glue_7t        0x080005f8        0x0
 .glue_7t       0x080005f8        0x0 linker stubs

.vfp11_veneer   0x080005f8        0x0
 .vfp11_veneer  0x080005f8        0x0 linker stubs

.v4_bx          0x080005f8        0x0
 .v4_bx         0x080005f8        0x0 linker stubs

.iplt           0x080005f8        0x0
 .iplt          0x080005f8        0x0 ex1_gpio_blink.o

.rel.dyn        0x080005f8        0x0
 .rel.iplt      0x080005f8        0x0 ex1_gpio_blink.o

.preinit_array  0x080005f8        0x0
                0x080005f8                        . = ALIGN (0x4)
                0x080005f8                        __preinit_array_start = .
 *(.preinit_array)
                0x080005f8                        __preinit_array_end = .

.init_array     0x080005f8        0x0
                0x080005f8                        . = ALIGN (0x4)
                0x080005f8                        __init_array_start = .
 *(SORT_BY_NAME(.init_array.*))
 *(.init_array)
                0x080005f8                        __init_array_end = .

.fini_array     0x080005f8        0x0
                0x080005f8                        . = ALIGN (0x4)
                0x080005f8                        __fini_array_start = .
 *(.fini_array)
 *(SORT_BY_NAME(.fini_array.*))
                0x080005f8                        __fini_array_end = .

.ARM.extab
 *(.ARM.extab*)

.ARM.exidx      0x080005f8        0x0
                0x080005f8                        __exidx_start = .
 *(.ARM.exidx*)
                0x080005f8                        __exidx_end = .
                0x080005f8                        . = ALIGN (0x4)
                0x080005f8                        _etext = .

.noinit
 *(.noinit*)
                0x080005f8                        . = ALIGN (0x4)

.data           0x20000000        0xc load address 0x080005f8
                0x20000000                        _data = .
 *(.data*)
 .data.rcc_ahb_frequency
                0x20000000        0x4 ../../../libopencm3//lib/libopencm3_stm32f1.a(rcc.o)
                0x20000000                rcc_ahb_frequency
 .data.rcc_apb2_frequency
                0x20000004        0x4 ../../../libopencm3//lib/libopencm3_stm32f1.a(rcc.o)
                0x20000004                rcc_apb2_frequency
 .data.rcc_apb1_frequency
                0x20000008        0x4 ../../../libopencm3//lib/libopencm3_stm32f1.a(rcc.o)
                0x20000008                rcc_apb1_frequency
 *(.ramtext*)
                0x2000000c                        . = ALIGN (0x4)
                0x2000000c                        _edata = .
                0x080005f8                        _data_loadaddr = LOADADDR (.data)

.igot.plt       0x2000000c        0x0 load address 0x08000604
 .igot.plt      0x2000000c        0x0 ex1_gpio_blink.o

.bss            0x2000000c        0x0 load address 0x08000604
 *(.bss*)
 *(COMMON)
                0x2000000c                        . = ALIGN (0x4)
                0x2000000c                        _ebss = .

/DISCARD/
 *(.eh_frame)
                0x2000000c                        . = ALIGN (0x4)
                0x2000000c                        end = .
                0x20005000                        PROVIDE (_stack = (ORIGIN (ram) + LENGTH (ram)))
OUTPUT(ex1_gpio_blink.elf elf32-littlearm)
LOAD linker stubs

.debug_info     0x00000000     0x278a
 .debug_info    0x00000000      0x4aa ex1_gpio_blink.o
 .debug_info    0x000004aa      0x1f8 ../../../libopencm3//lib/libopencm3_stm32f1.a(gpio.o)
 .debug_info    0x000006a2      0x256 ../../../libopencm3//lib/libopencm3_stm32f1.a(gpio_common_all.o)
 .debug_info    0x000008f8     0x14d0 ../../../libopencm3//lib/libopencm3_stm32f1.a(rcc.o)
 .debug_info    0x00001dc8      0x60d ../../../libopencm3//lib/libopencm3_stm32f1.a(rcc_common_all.o)
 .debug_info    0x000023d5      0x2c4 ../../../libopencm3//lib/libopencm3_stm32f1.a(vector.o)
 .debug_info    0x00002699       0xf1 ../../../libopencm3//lib/libopencm3_stm32f1.a(flash_common_all.o)

.debug_abbrev   0x00000000      0x980
 .debug_abbrev  0x00000000      0x177 ex1_gpio_blink.o
 .debug_abbrev  0x00000177       0xd2 ../../../libopencm3//lib/libopencm3_stm32f1.a(gpio.o)
 .debug_abbrev  0x00000249      0x115 ../../../libopencm3//lib/libopencm3_stm32f1.a(gpio_common_all.o)
 .debug_abbrev  0x0000035e      0x2be ../../../libopencm3//lib/libopencm3_stm32f1.a(rcc.o)
 .debug_abbrev  0x0000061c      0x185 ../../../libopencm3//lib/libopencm3_stm32f1.a(rcc_common_all.o)
 .debug_abbrev  0x000007a1      0x149 ../../../libopencm3//lib/libopencm3_stm32f1.a(vector.o)
 .debug_abbrev  0x000008ea       0x96 ../../../libopencm3//lib/libopencm3_stm32f1.a(flash_common_all.o)

.debug_loclists
                0x00000000      0x5d1
 .debug_loclists
                0x00000000       0x47 ex1_gpio_blink.o
 .debug_loclists
                0x00000047       0xd5 ../../../libopencm3//lib/libopencm3_stm32f1.a(gpio.o)
 .debug_loclists
                0x0000011c       0x96 ../../../libopencm3//lib/libopencm3_stm32f1.a(gpio_common_all.o)
 .debug_loclists
                0x000001b2      0x2cb ../../../libopencm3//lib/libopencm3_stm32f1.a(rcc.o)
 .debug_loclists
                0x0000047d       0x87 ../../../libopencm3//lib/libopencm3_stm32f1.a(rcc_common_all.o)
 .debug_loclists
                0x00000504       0xb6 ../../../libopencm3//lib/libopencm3_stm32f1.a(vector.o)
 .debug_loclists
                0x000005ba       0x17 ../../../libopencm3//lib/libopencm3_stm32f1.a(flash_common_all.o)

.debug_aranges  0x00000000      0x300
 .debug_aranges
                0x00000000       0x20 ex1_gpio_blink.o
 .debug_aranges
                0x00000020       0x38 ../../../libopencm3//lib/libopencm3_stm32f1.a(gpio.o)
 .debug_aranges
                0x00000058       0x50 ../../../libopencm3//lib/libopencm3_stm32f1.a(gpio_common_all.o)
 .debug_aranges
                0x000000a8      0x170 ../../../libopencm3//lib/libopencm3_stm32f1.a(rcc.o)
 .debug_aranges
                0x00000218       0x80 ../../../libopencm3//lib/libopencm3_stm32f1.a(rcc_common_all.o)
 .debug_aranges
                0x00000298       0x30 ../../../libopencm3//lib/libopencm3_stm32f1.a(vector.o)
 .debug_aranges
                0x000002c8       0x38 ../../../libopencm3//lib/libopencm3_stm32f1.a(flash_common_all.o)

.debug_rnglists
                0x00000000      0x287
 .debug_rnglists
                0x00000000       0x2b ex1_gpio_blink.o
 .debug_rnglists
                0x0000002b       0x25 ../../../libopencm3//lib/libopencm3_stm32f1.a(gpio.o)
 .debug_rnglists
                0x00000050       0x37 ../../../libopencm3//lib/libopencm3_stm32f1.a(gpio_common_all.o)
 .debug_rnglists
                0x00000087      0x160 ../../../libopencm3//lib/libopencm3_stm32f1.a(rcc.o)
 .debug_rnglists
                0x000001e7       0x5b ../../../libopencm3//lib/libopencm3_stm32f1.a(rcc_common_all.o)
 .debug_rnglists
                0x00000242       0x20 ../../../libopencm3//lib/libopencm3_stm32f1.a(vector.o)
 .debug_rnglists
                0x00000262       0x25 ../../../libopencm3//lib/libopencm3_stm32f1.a(flash_common_all.o)

.debug_macro    0x00000000     0x3642
 .debug_macro   0x00000000       0xd4 ex1_gpio_blink.o
 .debug_macro   0x000000d4      0xac0 ex1_gpio_blink.o
 .debug_macro   0x00000b94       0x1c ex1_gpio_blink.o
 .debug_macro   0x00000bb0       0x22 ex1_gpio_blink.o
 .debug_macro   0x00000bd2       0x56 ex1_gpio_blink.o
 .debug_macro   0x00000c28       0x51 ex1_gpio_blink.o
 .debug_macro   0x00000c79      0x103 ex1_gpio_blink.o
 .debug_macro   0x00000d7c       0x6a ex1_gpio_blink.o
 .debug_macro   0x00000de6      0x1df ex1_gpio_blink.o
 .debug_macro   0x00000fc5       0x22 ex1_gpio_blink.o
 .debug_macro   0x00000fe7       0xe8 ex1_gpio_blink.o
 .debug_macro   0x000010cf       0x76 ex1_gpio_blink.o
 .debug_macro   0x00001145      0x1b4 ex1_gpio_blink.o
 .debug_macro   0x000012f9      0x8c6 ex1_gpio_blink.o
 .debug_macro   0x00001bbf       0x76 ex1_gpio_blink.o
 .debug_macro   0x00001c35      0xe2e ex1_gpio_blink.o
 .debug_macro   0x00002a63       0xb8 ../../../libopencm3//lib/libopencm3_stm32f1.a(gpio.o)
 .debug_macro   0x00002b1b       0xb8 ../../../libopencm3//lib/libopencm3_stm32f1.a(gpio_common_all.o)
 .debug_macro   0x00002bd3       0xe7 ../../../libopencm3//lib/libopencm3_stm32f1.a(rcc.o)
 .debug_macro   0x00002cba       0x16 ../../../libopencm3//lib/libopencm3_stm32f1.a(rcc.o)
 .debug_macro   0x00002cd0       0xee ../../../libopencm3//lib/libopencm3_stm32f1.a(rcc.o)
 .debug_macro   0x00002dbe       0x82 ../../../libopencm3//lib/libopencm3_stm32f1.a(rcc.o)
 .debug_macro   0x00002e40       0xce ../../../libopencm3//lib/libopencm3_stm32f1.a(rcc_common_all.o)
 .debug_macro   0x00002f0e       0xcf ../../../libopencm3//lib/libopencm3_stm32f1.a(vector.o)
 .debug_macro   0x00002fdd      0x395 ../../../libopencm3//lib/libopencm3_stm32f1.a(vector.o)
 .debug_macro   0x00003372       0x6e ../../../libopencm3//lib/libopencm3_stm32f1.a(vector.o)
 .debug_macro   0x000033e0      0x1a2 ../../../libopencm3//lib/libopencm3_stm32f1.a(vector.o)
 .debug_macro   0x00003582       0xc0 ../../../libopencm3//lib/libopencm3_stm32f1.a(flash_common_all.o)

.debug_line     0x00000000     0x2255
 .debug_line    0x00000000      0x330 ex1_gpio_blink.o
 .debug_line    0x00000330      0x391 ../../../libopencm3//lib/libopencm3_stm32f1.a(gpio.o)
 .debug_line    0x000006c1      0x379 ../../../libopencm3//lib/libopencm3_stm32f1.a(gpio_common_all.o)
 .debug_line    0x00000a3a      0xd26 ../../../libopencm3//lib/libopencm3_stm32f1.a(rcc.o)
 .debug_line    0x00001760      0x420 ../../../libopencm3//lib/libopencm3_stm32f1.a(rcc_common_all.o)
 .debug_line    0x00001b80      0x3ab ../../../libopencm3//lib/libopencm3_stm32f1.a(vector.o)
 .debug_line    0x00001f2b      0x32a ../../../libopencm3//lib/libopencm3_stm32f1.a(flash_common_all.o)

.debug_str      0x00000000     0xe602
 .debug_str     0x00000000     0xe602 ex1_gpio_blink.o
                               0xb034 (size before relaxing)
 .debug_str     0x0000e602     0x86b4 ../../../libopencm3//lib/libopencm3_stm32f1.a(gpio.o)
 .debug_str     0x0000e602     0x86a8 ../../../libopencm3//lib/libopencm3_stm32f1.a(gpio_common_all.o)
 .debug_str     0x0000e602     0x8309 ../../../libopencm3//lib/libopencm3_stm32f1.a(rcc.o)
 .debug_str     0x0000e602     0x7a17 ../../../libopencm3//lib/libopencm3_stm32f1.a(rcc_common_all.o)
 .debug_str     0x0000e602     0x66ee ../../../libopencm3//lib/libopencm3_stm32f1.a(vector.o)
 .debug_str     0x0000e602     0x55ed ../../../libopencm3//lib/libopencm3_stm32f1.a(flash_common_all.o)

.comment        0x00000000       0x45
 .comment       0x00000000       0x45 ex1_gpio_blink.o
                                 0x46 (size before relaxing)
 .comment       0x00000045       0x46 ../../../libopencm3//lib/libopencm3_stm32f1.a(gpio.o)
 .comment       0x00000045       0x46 ../../../libopencm3//lib/libopencm3_stm32f1.a(gpio_common_all.o)
 .comment       0x00000045       0x46 ../../../libopencm3//lib/libopencm3_stm32f1.a(rcc.o)
 .comment       0x00000045       0x46 ../../../libopencm3//lib/libopencm3_stm32f1.a(rcc_common_all.o)
 .comment       0x00000045       0x46 ../../../libopencm3//lib/libopencm3_stm32f1.a(vector.o)
 .comment       0x00000045       0x46 ../../../libopencm3//lib/libopencm3_stm32f1.a(flash_common_all.o)

.ARM.attributes
                0x00000000       0x2d
 .ARM.attributes
                0x00000000       0x2d ex1_gpio_blink.o
 .ARM.attributes
                0x0000002d       0x2d ../../../libopencm3//lib/libopencm3_stm32f1.a(gpio.o)
 .ARM.attributes
                0x0000005a       0x2d ../../../libopencm3//lib/libopencm3_stm32f1.a(gpio_common_all.o)
 .ARM.attributes
                0x00000087       0x2d ../../../libopencm3//lib/libopencm3_stm32f1.a(rcc.o)
 .ARM.attributes
                0x000000b4       0x2d ../../../libopencm3//lib/libopencm3_stm32f1.a(rcc_common_all.o)
 .ARM.attributes
                0x000000e1       0x2d ../../../libopencm3//lib/libopencm3_stm32f1.a(vector.o)
 .ARM.attributes
                0x0000010e       0x2d ../../../libopencm3//lib/libopencm3_stm32f1.a(flash_common_all.o)

.debug_frame    0x00000000      0x59c
 .debug_frame   0x00000000       0x28 ex1_gpio_blink.o
 .debug_frame   0x00000028       0x60 ../../../libopencm3//lib/libopencm3_stm32f1.a(gpio.o)
 .debug_frame   0x00000088       0x80 ../../../libopencm3//lib/libopencm3_stm32f1.a(gpio_common_all.o)
 .debug_frame   0x00000108      0x318 ../../../libopencm3//lib/libopencm3_stm32f1.a(rcc.o)
 .debug_frame   0x00000420       0xe0 ../../../libopencm3//lib/libopencm3_stm32f1.a(rcc_common_all.o)
 .debug_frame   0x00000500       0x4c ../../../libopencm3//lib/libopencm3_stm32f1.a(vector.o)
 .debug_frame   0x0000054c       0x50 ../../../libopencm3//lib/libopencm3_stm32f1.a(flash_common_all.o)

Cross Reference Table

Symbol                                            File
__fini_array_end                                  ../../../libopencm3//lib/libopencm3_stm32f1.a(vector.o)
__fini_array_start                                ../../../libopencm3//lib/libopencm3_stm32f1.a(vector.o)
__init_array_end                                  ../../../libopencm3//lib/libopencm3_stm32f1.a(vector.o)
__init_array_start                                ../../../libopencm3//lib/libopencm3_stm32f1.a(vector.o)
__preinit_array_end                               ../../../libopencm3//lib/libopencm3_stm32f1.a(vector.o)
__preinit_array_start                             ../../../libopencm3//lib/libopencm3_stm32f1.a(vector.o)
_data                                             ../../../libopencm3//lib/libopencm3_stm32f1.a(vector.o)
_data_loadaddr                                    ../../../libopencm3//lib/libopencm3_stm32f1.a(vector.o)
_ebss                                             ../../../libopencm3//lib/libopencm3_stm32f1.a(vector.o)
_edata                                            ../../../libopencm3//lib/libopencm3_stm32f1.a(vector.o)
_stack                                            ../../../libopencm3//lib/libopencm3_stm32f1.a(vector.o)
adc1_2_isr                                        ../../../libopencm3//lib/libopencm3_stm32f1.a(vector.o)
adc3_isr                                          ../../../libopencm3//lib/libopencm3_stm32f1.a(vector.o)
blocking_handler                                  ../../../libopencm3//lib/libopencm3_stm32f1.a(vector.o)
bus_fault_handler                                 ../../../libopencm3//lib/libopencm3_stm32f1.a(vector.o)
can2_rx0_isr                                      ../../../libopencm3//lib/libopencm3_stm32f1.a(vector.o)
can2_rx1_isr                                      ../../../libopencm3//lib/libopencm3_stm32f1.a(vector.o)
can2_sce_isr                                      ../../../libopencm3//lib/libopencm3_stm32f1.a(vector.o)
can2_tx_isr                                       ../../../libopencm3//lib/libopencm3_stm32f1.a(vector.o)
can_rx1_isr                                       ../../../libopencm3//lib/libopencm3_stm32f1.a(vector.o)
can_sce_isr                                       ../../../libopencm3//lib/libopencm3_stm32f1.a(vector.o)
cm3_assert_failed                                 ../../../libopencm3//lib/libopencm3_stm32f1.a(assert.o)
                                                  ../../../libopencm3//lib/libopencm3_stm32f1.a(rcc.o)
cm3_assert_failed_verbose                         ../../../libopencm3//lib/libopencm3_stm32f1.a(assert.o)
debug_monitor_handler                             ../../../libopencm3//lib/libopencm3_stm32f1.a(vector.o)
dma1_channel1_isr                                 ../../../libopencm3//lib/libopencm3_stm32f1.a(vector.o)
dma1_channel2_isr                                 ../../../libopencm3//lib/libopencm3_stm32f1.a(vector.o)
dma1_channel3_isr                                 ../../../libopencm3//lib/libopencm3_stm32f1.a(vector.o)
dma1_channel4_isr                                 ../../../libopencm3//lib/libopencm3_stm32f1.a(vector.o)
dma1_channel5_isr                                 ../../../libopencm3//lib/libopencm3_stm32f1.a(vector.o)
dma1_channel6_isr                                 ../../../libopencm3//lib/libopencm3_stm32f1.a(vector.o)
dma1_channel7_isr                                 ../../../libopencm3//lib/libopencm3_stm32f1.a(vector.o)
dma2_channel1_isr                                 ../../../libopencm3//lib/libopencm3_stm32f1.a(vector.o)
dma2_channel2_isr                                 ../../../libopencm3//lib/libopencm3_stm32f1.a(vector.o)
dma2_channel3_isr                                 ../../../libopencm3//lib/libopencm3_stm32f1.a(vector.o)
dma2_channel4_5_isr                               ../../../libopencm3//lib/libopencm3_stm32f1.a(vector.o)
dma2_channel5_isr                                 ../../../libopencm3//lib/libopencm3_stm32f1.a(vector.o)
eth_isr                                           ../../../libopencm3//lib/libopencm3_stm32f1.a(vector.o)
eth_wkup_isr                                      ../../../libopencm3//lib/libopencm3_stm32f1.a(vector.o)
exti0_isr                                         ../../../libopencm3//lib/libopencm3_stm32f1.a(vector.o)
exti15_10_isr                                     ../../../libopencm3//lib/libopencm3_stm32f1.a(vector.o)
exti1_isr                                         ../../../libopencm3//lib/libopencm3_stm32f1.a(vector.o)
exti2_isr                                         ../../../libopencm3//lib/libopencm3_stm32f1.a(vector.o)
exti3_isr                                         ../../../libopencm3//lib/libopencm3_stm32f1.a(vector.o)
exti4_isr                                         ../../../libopencm3//lib/libopencm3_stm32f1.a(vector.o)
exti9_5_isr                                       ../../../libopencm3//lib/libopencm3_stm32f1.a(vector.o)
flash_isr                                         ../../../libopencm3//lib/libopencm3_stm32f1.a(vector.o)
flash_prefetch_disable                            ../../../libopencm3//lib/libopencm3_stm32f1.a(flash_common_all.o)
flash_prefetch_enable                             ../../../libopencm3//lib/libopencm3_stm32f1.a(flash_common_all.o)
flash_set_ws                                      ../../../libopencm3//lib/libopencm3_stm32f1.a(flash_common_all.o)
                                                  ../../../libopencm3//lib/libopencm3_stm32f1.a(rcc.o)
flash_unlock_option_bytes                         ../../../libopencm3//lib/libopencm3_stm32f1.a(flash_common_all.o)
fsmc_isr                                          ../../../libopencm3//lib/libopencm3_stm32f1.a(vector.o)
gpio_clear                                        ../../../libopencm3//lib/libopencm3_stm32f1.a(gpio_common_all.o)
gpio_get                                          ../../../libopencm3//lib/libopencm3_stm32f1.a(gpio_common_all.o)
gpio_port_config_lock                             ../../../libopencm3//lib/libopencm3_stm32f1.a(gpio_common_all.o)
gpio_port_read                                    ../../../libopencm3//lib/libopencm3_stm32f1.a(gpio_common_all.o)
gpio_port_write                                   ../../../libopencm3//lib/libopencm3_stm32f1.a(gpio_common_all.o)
gpio_primary_remap                                ../../../libopencm3//lib/libopencm3_stm32f1.a(gpio.o)
gpio_secondary_remap                              ../../../libopencm3//lib/libopencm3_stm32f1.a(gpio.o)
gpio_set                                          ../../../libopencm3//lib/libopencm3_stm32f1.a(gpio_common_all.o)
gpio_set_eventout                                 ../../../libopencm3//lib/libopencm3_stm32f1.a(gpio.o)
gpio_set_mode                                     ../../../libopencm3//lib/libopencm3_stm32f1.a(gpio.o)
                                                  ex1_gpio_blink.o
gpio_toggle                                       ../../../libopencm3//lib/libopencm3_stm32f1.a(gpio_common_all.o)
                                                  ex1_gpio_blink.o
hard_fault_handler                                ../../../libopencm3//lib/libopencm3_stm32f1.a(vector.o)
i2c1_er_isr                                       ../../../libopencm3//lib/libopencm3_stm32f1.a(vector.o)
i2c1_ev_isr                                       ../../../libopencm3//lib/libopencm3_stm32f1.a(vector.o)
i2c2_er_isr                                       ../../../libopencm3//lib/libopencm3_stm32f1.a(vector.o)
i2c2_ev_isr                                       ../../../libopencm3//lib/libopencm3_stm32f1.a(vector.o)
main                                              ex1_gpio_blink.o
                                                  ../../../libopencm3//lib/libopencm3_stm32f1.a(vector.o)
mem_manage_handler                                ../../../libopencm3//lib/libopencm3_stm32f1.a(vector.o)
nmi_handler                                       ../../../libopencm3//lib/libopencm3_stm32f1.a(vector.o)
null_handler                                      ../../../libopencm3//lib/libopencm3_stm32f1.a(vector.o)
otg_fs_isr                                        ../../../libopencm3//lib/libopencm3_stm32f1.a(vector.o)
pend_sv_handler                                   ../../../libopencm3//lib/libopencm3_stm32f1.a(vector.o)
pvd_isr                                           ../../../libopencm3//lib/libopencm3_stm32f1.a(vector.o)
rcc_ahb_frequency                                 ../../../libopencm3//lib/libopencm3_stm32f1.a(rcc.o)
rcc_apb1_frequency                                ../../../libopencm3//lib/libopencm3_stm32f1.a(rcc.o)
rcc_apb2_frequency                                ../../../libopencm3//lib/libopencm3_stm32f1.a(rcc.o)
rcc_backupdomain_reset                            ../../../libopencm3//lib/libopencm3_stm32f1.a(rcc.o)
rcc_clock_setup_in_hse_12mhz_out_72mhz            ../../../libopencm3//lib/libopencm3_stm32f1.a(rcc.o)
rcc_clock_setup_in_hse_16mhz_out_72mhz            ../../../libopencm3//lib/libopencm3_stm32f1.a(rcc.o)
rcc_clock_setup_in_hse_25mhz_out_72mhz            ../../../libopencm3//lib/libopencm3_stm32f1.a(rcc.o)
rcc_clock_setup_in_hse_8mhz_out_24mhz             ../../../libopencm3//lib/libopencm3_stm32f1.a(rcc.o)
rcc_clock_setup_in_hse_8mhz_out_72mhz             ../../../libopencm3//lib/libopencm3_stm32f1.a(rcc.o)
rcc_clock_setup_in_hsi_out_24mhz                  ../../../libopencm3//lib/libopencm3_stm32f1.a(rcc.o)
rcc_clock_setup_in_hsi_out_48mhz                  ../../../libopencm3//lib/libopencm3_stm32f1.a(rcc.o)
rcc_clock_setup_in_hsi_out_64mhz                  ../../../libopencm3//lib/libopencm3_stm32f1.a(rcc.o)
rcc_clock_setup_pll                               ../../../libopencm3//lib/libopencm3_stm32f1.a(rcc.o)
                                                  ex1_gpio_blink.o
rcc_css_disable                                   ../../../libopencm3//lib/libopencm3_stm32f1.a(rcc.o)
rcc_css_enable                                    ../../../libopencm3//lib/libopencm3_stm32f1.a(rcc.o)
rcc_css_int_clear                                 ../../../libopencm3//lib/libopencm3_stm32f1.a(rcc.o)
rcc_css_int_flag                                  ../../../libopencm3//lib/libopencm3_stm32f1.a(rcc.o)
rcc_enable_rtc_clock                              ../../../libopencm3//lib/libopencm3_stm32f1.a(rcc.o)
rcc_get_div_from_hpre                             ../../../libopencm3//lib/libopencm3_stm32f1.a(rcc_common_all.o)
rcc_get_i2c_clk_freq                              ../../../libopencm3//lib/libopencm3_stm32f1.a(rcc.o)
rcc_get_timer_clk_freq                            ../../../libopencm3//lib/libopencm3_stm32f1.a(rcc.o)
rcc_get_usart_clk_freq                            ../../../libopencm3//lib/libopencm3_stm32f1.a(rcc.o)
rcc_hse_configs                                   ../../../libopencm3//lib/libopencm3_stm32f1.a(rcc.o)
                                                  ex1_gpio_blink.o
rcc_hsi_configs                                   ../../../libopencm3//lib/libopencm3_stm32f1.a(rcc.o)
rcc_is_osc_ready                                  ../../../libopencm3//lib/libopencm3_stm32f1.a(rcc.o)
rcc_isr                                           ../../../libopencm3//lib/libopencm3_stm32f1.a(vector.o)
rcc_osc_bypass_disable                            ../../../libopencm3//lib/libopencm3_stm32f1.a(rcc_common_all.o)
rcc_osc_bypass_enable                             ../../../libopencm3//lib/libopencm3_stm32f1.a(rcc_common_all.o)
rcc_osc_off                                       ../../../libopencm3//lib/libopencm3_stm32f1.a(rcc.o)
rcc_osc_on                                        ../../../libopencm3//lib/libopencm3_stm32f1.a(rcc.o)
rcc_osc_ready_int_clear                           ../../../libopencm3//lib/libopencm3_stm32f1.a(rcc.o)
rcc_osc_ready_int_disable                         ../../../libopencm3//lib/libopencm3_stm32f1.a(rcc.o)
rcc_osc_ready_int_enable                          ../../../libopencm3//lib/libopencm3_stm32f1.a(rcc.o)
rcc_osc_ready_int_flag                            ../../../libopencm3//lib/libopencm3_stm32f1.a(rcc.o)
rcc_periph_clock_disable                          ../../../libopencm3//lib/libopencm3_stm32f1.a(rcc_common_all.o)
rcc_periph_clock_enable                           ../../../libopencm3//lib/libopencm3_stm32f1.a(rcc_common_all.o)
                                                  ex1_gpio_blink.o
rcc_periph_reset_hold                             ../../../libopencm3//lib/libopencm3_stm32f1.a(rcc_common_all.o)
rcc_periph_reset_pulse                            ../../../libopencm3//lib/libopencm3_stm32f1.a(rcc_common_all.o)
rcc_periph_reset_release                          ../../../libopencm3//lib/libopencm3_stm32f1.a(rcc_common_all.o)
rcc_peripheral_clear_reset                        ../../../libopencm3//lib/libopencm3_stm32f1.a(rcc_common_all.o)
rcc_peripheral_disable_clock                      ../../../libopencm3//lib/libopencm3_stm32f1.a(rcc_common_all.o)
rcc_peripheral_enable_clock                       ../../../libopencm3//lib/libopencm3_stm32f1.a(rcc_common_all.o)
rcc_peripheral_reset                              ../../../libopencm3//lib/libopencm3_stm32f1.a(rcc_common_all.o)
rcc_rtc_clock_enabled_flag                        ../../../libopencm3//lib/libopencm3_stm32f1.a(rcc.o)
rcc_set_adcpre                                    ../../../libopencm3//lib/libopencm3_stm32f1.a(rcc.o)
rcc_set_hpre                                      ../../../libopencm3//lib/libopencm3_stm32f1.a(rcc.o)
rcc_set_mco                                       ../../../libopencm3//lib/libopencm3_stm32f1.a(rcc_common_all.o)
rcc_set_pll2_multiplication_factor                ../../../libopencm3//lib/libopencm3_stm32f1.a(rcc.o)
rcc_set_pll3_multiplication_factor                ../../../libopencm3//lib/libopencm3_stm32f1.a(rcc.o)
rcc_set_pll_multiplication_factor                 ../../../libopencm3//lib/libopencm3_stm32f1.a(rcc.o)
rcc_set_pll_source                                ../../../libopencm3//lib/libopencm3_stm32f1.a(rcc.o)
rcc_set_pllxtpre                                  ../../../libopencm3//lib/libopencm3_stm32f1.a(rcc.o)
rcc_set_ppre1                                     ../../../libopencm3//lib/libopencm3_stm32f1.a(rcc.o)
rcc_set_ppre2                                     ../../../libopencm3//lib/libopencm3_stm32f1.a(rcc.o)
rcc_set_prediv1                                   ../../../libopencm3//lib/libopencm3_stm32f1.a(rcc.o)
rcc_set_prediv1_source                            ../../../libopencm3//lib/libopencm3_stm32f1.a(rcc.o)
rcc_set_prediv2                                   ../../../libopencm3//lib/libopencm3_stm32f1.a(rcc.o)
rcc_set_rtc_clock_source                          ../../../libopencm3//lib/libopencm3_stm32f1.a(rcc.o)
rcc_set_sysclk_source                             ../../../libopencm3//lib/libopencm3_stm32f1.a(rcc.o)
rcc_set_usbpre                                    ../../../libopencm3//lib/libopencm3_stm32f1.a(rcc.o)
rcc_system_clock_source                           ../../../libopencm3//lib/libopencm3_stm32f1.a(rcc.o)
rcc_wait_for_osc_ready                            ../../../libopencm3//lib/libopencm3_stm32f1.a(rcc.o)
reset_handler                                     ../../../libopencm3//lib/libopencm3_stm32f1.a(vector.o)
rtc_alarm_isr                                     ../../../libopencm3//lib/libopencm3_stm32f1.a(vector.o)
rtc_isr                                           ../../../libopencm3//lib/libopencm3_stm32f1.a(vector.o)
sdio_isr                                          ../../../libopencm3//lib/libopencm3_stm32f1.a(vector.o)
spi1_isr                                          ../../../libopencm3//lib/libopencm3_stm32f1.a(vector.o)
spi2_isr                                          ../../../libopencm3//lib/libopencm3_stm32f1.a(vector.o)
spi3_isr                                          ../../../libopencm3//lib/libopencm3_stm32f1.a(vector.o)
sv_call_handler                                   ../../../libopencm3//lib/libopencm3_stm32f1.a(vector.o)
sys_tick_handler                                  ../../../libopencm3//lib/libopencm3_stm32f1.a(vector.o)
tamper_isr                                        ../../../libopencm3//lib/libopencm3_stm32f1.a(vector.o)
tim1_brk_isr                                      ../../../libopencm3//lib/libopencm3_stm32f1.a(vector.o)
tim1_cc_isr                                       ../../../libopencm3//lib/libopencm3_stm32f1.a(vector.o)
tim1_trg_com_isr                                  ../../../libopencm3//lib/libopencm3_stm32f1.a(vector.o)
tim1_up_isr                                       ../../../libopencm3//lib/libopencm3_stm32f1.a(vector.o)
tim2_isr                                          ../../../libopencm3//lib/libopencm3_stm32f1.a(vector.o)
tim3_isr                                          ../../../libopencm3//lib/libopencm3_stm32f1.a(vector.o)
tim4_isr                                          ../../../libopencm3//lib/libopencm3_stm32f1.a(vector.o)
tim5_isr                                          ../../../libopencm3//lib/libopencm3_stm32f1.a(vector.o)
tim6_isr                                          ../../../libopencm3//lib/libopencm3_stm32f1.a(vector.o)
tim7_isr                                          ../../../libopencm3//lib/libopencm3_stm32f1.a(vector.o)
tim8_brk_isr                                      ../../../libopencm3//lib/libopencm3_stm32f1.a(vector.o)
tim8_cc_isr                                       ../../../libopencm3//lib/libopencm3_stm32f1.a(vector.o)
tim8_trg_com_isr                                  ../../../libopencm3//lib/libopencm3_stm32f1.a(vector.o)
tim8_up_isr                                       ../../../libopencm3//lib/libopencm3_stm32f1.a(vector.o)
uart4_isr                                         ../../../libopencm3//lib/libopencm3_stm32f1.a(vector.o)
uart5_isr                                         ../../../libopencm3//lib/libopencm3_stm32f1.a(vector.o)
usage_fault_handler                               ../../../libopencm3//lib/libopencm3_stm32f1.a(vector.o)
usart1_isr                                        ../../../libopencm3//lib/libopencm3_stm32f1.a(vector.o)
usart2_isr                                        ../../../libopencm3//lib/libopencm3_stm32f1.a(vector.o)
usart3_isr                                        ../../../libopencm3//lib/libopencm3_stm32f1.a(vector.o)
usb_hp_can_tx_isr                                 ../../../libopencm3//lib/libopencm3_stm32f1.a(vector.o)
usb_lp_can_rx0_isr                                ../../../libopencm3//lib/libopencm3_stm32f1.a(vector.o)
usb_wakeup_isr                                    ../../../libopencm3//lib/libopencm3_stm32f1.a(vector.o)
vector_table                                      ../../../libopencm3//lib/libopencm3_stm32f1.a(vector.o)
wwdg_isr                                          ../../../libopencm3//lib/libopencm3_stm32f1.a(vector.o)
